Microchip MPLAB XC8 Compiler V2.40

Linker command line:

-W-3 \
  --edf=C:\Program Files\Microchip\xc8\v2.40\pic\dat\20220703182018_en.msgs \
  -cn -h+dist/default/production\Timer0_8bits.X.production.sym \
  --cmf=dist/default/production\Timer0_8bits.X.production.cmf -z -Q18F4520 \
  -oC:\Users\profb\AppData\Local\Temp\xcAsqhk.4 --defsym=__MPLAB_BUILD=1 \
  --fixupoverflow=error \
  -Mdist/default/production/Timer0_8bits.X.production.map \
  --md=C:\Users\profb\AppData\Local\Temp\xcAsqhk.dat -E1 -ver=XC8 Compiler \
  --acfsm=1493 -ACODE=00h-07FFFh -ACONST=00h-07FFFh \
  -ASMALLCONST=0600h-06FFhx122 -AMEDIUMCONST=0600h-07FFFh -ACOMRAM=01h-07Fh \
  -AABS1=00h-05FFh -ABIGRAM=01h-05FFh -ARAM=080h-0FFh,0100h-01FFhx5 \
  -ABANK0=080h-0FFh -ABANK1=0100h-01FFh -ABANK2=0200h-02FFh \
  -ABANK3=0300h-03FFh -ABANK4=0400h-04FFh -ABANK5=0500h-05FFh \
  -ASFR=0F80h-0FFFh -ABIGSFR=0F80h-0FFFh -ACONFIG=0300000h-030000Dh \
  -AIDLOC=0200000h-0200007h -AEEDATA=0F00000h-0F000FFh -peeprom_data=EEDATA \
  -preset_vec=00h,intcode,intcodelo=018h,powerup,init -pramtop=0600h \
  -psmallconst=SMALLCONST -pmediumconst=MEDIUMCONST -pconst=CONST \
  -AFARRAM=00h-00h \
  -prdata=COMRAM,nvrram=COMRAM,nvbit=COMRAM,rbss=COMRAM,rbit=COMRAM \
  -pfarbss=FARRAM,fardata=FARRAM,nvFARRAM=FARRAM \
  -pintsave_regs=BIGRAM,bigbss=BIGRAM,bigdata=BIGRAM -pbss=RAM \
  -pidata=CODE,irdata=CODE,ibigdata=CODE,ifardata=CODE -prparam=COMRAM \
  C:\Users\profb\AppData\Local\Temp\xcAsqhk.o \
  dist/default/production\Timer0_8bits.X.production.o 

Object code version is 3.11

Machine type is 18F4520



                Name                               Link     Load   Length Selector   Space Scale
C:\Users\profb\AppData\Local\Temp\xcAsqhk.o
                idloc                            200000   200000        8        0       5
                config                           300000   300000        E        0       4
                init                                 E2       E2        4        C       0
                reset_vec                             0        0        4        0       0
dist/default/production\Timer0_8bits.X.production.o
                intcodelo                            18       18       CA        C       0
                idloc                            200000   200000        8        0       5
                config                           300000   300000        E        0       4
                temp                                 7B       7B        1        1       1
                smallconst                          600      600       2E      300       0
                text20                             1252     1252        A      317       0
                text19                             125C     125C        6      317       0
                text18                             1244     1244        E      317       0
                text17                             1236     1236        E      317       0
                text16                             11F8     11F8       20      317       0
                text15                              CE2      CE2       E4      317       0
                text14                              F30      F30       9A      317       0
                text13                             1218     1218       1E      317       0
                text12                              E90      E90       A0      317       0
                text11                              8AA      8AA      188      317       0
                text10                              A32      A32      164      317       0
                text9                              1192     1192       40      317       0
                text8                              1262     1262        2      317       0
                text7                               DC6      DC6       CA      317       0
                text6                              114E     114E       44      317       0
                text5                               FCA      FCA       7A      317       0
                text4                               62E      62E      27C      317       0
                text3                               B96      B96      14C      317       0
                text2                              1100     1100       4E      317       0
                text1                              10B2     10B2       4E      317       0
                text0                              1044     1044       6E      317       0
                cstackCOMRAM                          1        1       6F        1       1
                bssBANK0                             80       80       30       80       1
                bssCOMRAM                            70       70        B        1       1
                cinit                              11D2     11D2       26      317       0

TOTAL           Name                               Link     Load   Length     Space
        CLASS   CODE           
                intcodelo                            18       18       CA         0
                init                                 E2       E2        4         0
                reset_vec                             0        0        4         0
                text20                             1252     1252        A         0
                text19                             125C     125C        6         0
                text18                             1244     1244        E         0
                text17                             1236     1236        E         0
                text16                             11F8     11F8       20         0
                text15                              CE2      CE2       E4         0
                text14                              F30      F30       9A         0
                text13                             1218     1218       1E         0
                text12                              E90      E90       A0         0
                text11                              8AA      8AA      188         0
                text10                              A32      A32      164         0
                text9                              1192     1192       40         0
                text8                              1262     1262        2         0
                text7                               DC6      DC6       CA         0
                text6                              114E     114E       44         0
                text5                               FCA      FCA       7A         0
                text4                               62E      62E      27C         0
                text3                               B96      B96      14C         0
                text2                              1100     1100       4E         0
                text1                              10B2     10B2       4E         0
                text0                              1044     1044       6E         0
                cinit                              11D2     11D2       26         0

        CLASS   CONST          

        CLASS   SMALLCONST     
                smallconst                          600      600       2E         0

        CLASS   MEDIUMCONST    

        CLASS   COMRAM         
                temp                                 7B       7B        1         1
                cstackCOMRAM                          1        1       6F         1
                bssCOMRAM                            70       70        B         1

        CLASS   ABS1           

        CLASS   BIGRAM         

        CLASS   RAM            

        CLASS   BANK0          
                bssBANK0                             80       80       30         1

        CLASS   BANK1          

        CLASS   BANK2          

        CLASS   BANK3          

        CLASS   BANK4          

        CLASS   BANK5          

        CLASS   SFR            

        CLASS   BIGSFR         

        CLASS   CONFIG         
                config                           300000   300000        E         4

        CLASS   IDLOC          
                idloc                            200000   200000        8         5

        CLASS   EEDATA         

        CLASS   FARRAM         

        CLASS   HEAP           

        CLASS   STACK          



SEGMENTS        Name                           Load    Length   Top    Selector   Space  Class

                reset_vec                      000000  000004  000004         0       0  CODE    
                cstackCOMRAM                   000001  00007B  00007C         1       1  COMRAM  
                intcodelo                      000018  0000CE  0000E6         C       0  CODE    
                bssBANK0                       000080  000030  0000B0        80       1  BANK0   
                smallconst                     000600  00002E  00062E       300       0  SMALLCON
                text4                          00062E  000C36  001264       317       0  CODE    


UNUSED ADDRESS RANGES

        Name                Unused          Largest block    Delta
        BANK0            0000B0-0000FF               50
        BANK1            000100-0001FF              100
        BANK2            000200-0002FF              100
        BANK3            000300-0003FF              100
        BANK4            000400-0004FF              100
        BANK5            000500-0005FF              100
        BIGRAM           00007C-00007F                4
                         0000B0-0005FF              550
        BIGSFR           000F80-000FFF               80
        CODE             000004-000017               14
                         0000E6-0005FF              51A
                         001264-007FFF             6D9C
        COMRAM           00007C-00007F                4
        CONST            000004-000017               14
                         0000E6-0005FF              51A
                         001264-007FFF             6D9C
        EEDATA           F00000-F000FF              100
        MEDIUMCONST      001264-007FFF             6D9C
        RAM              0000B0-0005FF              100
        SFR              000F80-000FFF               80
        SMALLCONST       001264-007FFF              100

                                  Symbol Table

?___aodiv                 cstackCOMRAM 000005
?___aomod                 cstackCOMRAM 000005
?_abs                     cstackCOMRAM 000017
?_sprintf                 cstackCOMRAM 00005D
?_vfprintf                cstackCOMRAM 000055
_ADCON1                   (abs)        000FC1
_INTCON                   (abs)        000FF2
_INTCONbits               (abs)        000FF2
_OSCCON                   (abs)        000FD3
_OSCTUNE                  (abs)        000F9B
_PORTB                    (abs)        000F81
_PORTBbits                (abs)        000F81
_PORTD                    (abs)        000F83
_PORTDbits                (abs)        000F83
_PORTEbits                (abs)        000F84
_T0CON                    (abs)        000FD5
_TMR0                     (abs)        000FD6
_TMR0L                    (abs)        000FD6
_TRISB                    (abs)        000F93
_TRISD                    (abs)        000F95
_TRISEbits                (abs)        000F96
__HRAM                    (abs)        000000
__Habs1                   abs1         000000
__Hbank0                  bank0        000000
__Hbank1                  bank1        000000
__Hbank2                  bank2        000000
__Hbank3                  bank3        000000
__Hbank4                  bank4        000000
__Hbank5                  bank5        000000
__Hbigbss                 bigbss       000000
__Hbigdata                bigdata      000000
__Hbigram                 bigram       000000
__Hbigsfr                 bigsfr       000000
__Hbss                    bss          000000
__HbssBANK0               bssBANK0     000000
__HbssCOMRAM              bssCOMRAM    000000
__Hcinit                  cinit        000000
__Hclrtext                clrtext      000000
__Hcomram                 comram       000000
__Hconfig                 config       30000E
__Hconst                  const        000000
__HcstackCOMRAM           cstackCOMRAM 000000
__Hdata                   data         000000
__Heeprom_data            eeprom_data  000000
__Hfarbss                 farbss       000000
__Hfardata                fardata      000000
__Hheap                   heap         000000
__Hibigdata               ibigdata     000000
__Hidata                  idata        000000
__Hidloc                  idloc        200008
__Hifardata               ifardata     000000
__Hinit                   init         0000E6
__Hintcode                intcode      000004
__Hintcode_body           intcode_body 000000
__Hintcodelo              intcodelo    0000E2
__Hintentry               intentry     000000
__Hintret                 intret       000000
__Hintsave_regs           intsave_regs 000000
__Hirdata                 irdata       000000
__Hmediumconst            mediumconst  000000
__HnvFARRAM               nvFARRAM     000000
__Hnvbit                  nvbit        000000
__Hnvrram                 nvrram       000000
__Hparam                  rparam       000000
__Hpowerup                powerup      0000E2
__Hram                    ram          000000
__Hramtop                 ramtop       000600
__Hrbit                   rbit         000000
__Hrbss                   rbss         000000
__Hrdata                  rdata        000000
__Hreset_vec              reset_vec    000004
__Hrparam                 rparam       000000
__Hsfr                    sfr          000000
__Hsmallconst             smallconst   00062E
__Hspace_0                (abs)        001264
__Hspace_1                (abs)        0000B0
__Hspace_2                (abs)        000000
__Hspace_4                (abs)        60000E
__Hstack                  stack        000000
__Hstruct                 struct       000000
__Htemp                   temp         00007C
__Htext                   text         000000
__Htext0                  text0        000000
__Htext1                  text1        000000
__Htext10                 text10       000000
__Htext11                 text11       000000
__Htext12                 text12       000000
__Htext13                 text13       000000
__Htext14                 text14       000000
__Htext15                 text15       000000
__Htext16                 text16       000000
__Htext17                 text17       000000
__Htext18                 text18       000000
__Htext19                 text19       000000
__Htext2                  text2        000000
__Htext20                 text20       000000
__Htext3                  text3        000000
__Htext4                  text4        000000
__Htext5                  text5        000000
__Htext6                  text6        000000
__Htext7                  text7        000000
__Htext8                  text8        000000
__Htext9                  text9        000000
__LRAM                    (abs)        000001
__Labs1                   abs1         000000
__Lbank0                  bank0        000000
__Lbank1                  bank1        000000
__Lbank2                  bank2        000000
__Lbank3                  bank3        000000
__Lbank4                  bank4        000000
__Lbank5                  bank5        000000
__Lbigbss                 bigbss       000000
__Lbigdata                bigdata      000000
__Lbigram                 bigram       000000
__Lbigsfr                 bigsfr       000000
__Lbss                    bss          000000
__LbssBANK0               bssBANK0     000000
__LbssCOMRAM              bssCOMRAM    000000
__Lcinit                  cinit        000000
__Lclrtext                clrtext      000000
__Lcomram                 comram       000000
__Lconfig                 config       000000
__Lconst                  const        000000
__LcstackCOMRAM           cstackCOMRAM 000000
__Ldata                   data         000000
__Leeprom_data            eeprom_data  000000
__Lfarbss                 farbss       000000
__Lfardata                fardata      000000
__Lheap                   heap         000000
__Libigdata               ibigdata     000000
__Lidata                  idata        000000
__Lidloc                  idloc        000000
__Lifardata               ifardata     000000
__Linit                   init         0000E2
__Lintcode                intcode      000004
__Lintcode_body           intcode_body 000000
__Lintcodelo              intcodelo    000018
__Lintentry               intentry     000000
__Lintret                 intret       000000
__Lintsave_regs           intsave_regs 000000
__Lirdata                 irdata       000000
__Lmediumconst            mediumconst  000000
__LnvFARRAM               nvFARRAM     000000
__Lnvbit                  nvbit        000000
__Lnvrram                 nvrram       000000
__Lparam                  rparam       000000
__Lpowerup                powerup      0000E2
__Lram                    ram          000000
__Lramtop                 ramtop       000600
__Lrbit                   rbit         000000
__Lrbss                   rbss         000000
__Lrdata                  rdata        000000
__Lreset_vec              reset_vec    000000
__Lrparam                 rparam       000000
__Lsfr                    sfr          000000
__Lsmallconst             smallconst   000600
__Lspace_0                (abs)        000000
__Lspace_1                (abs)        000000
__Lspace_2                (abs)        000000
__Lspace_4                (abs)        000000
__Lstack                  stack        000000
__Lstruct                 struct       000000
__Ltemp                   temp         00007B
__Ltext                   text         000000
__Ltext0                  text0        000000
__Ltext1                  text1        000000
__Ltext10                 text10       000000
__Ltext11                 text11       000000
__Ltext12                 text12       000000
__Ltext13                 text13       000000
__Ltext14                 text14       000000
__Ltext15                 text15       000000
__Ltext16                 text16       000000
__Ltext17                 text17       000000
__Ltext18                 text18       000000
__Ltext19                 text19       000000
__Ltext2                  text2        000000
__Ltext20                 text20       000000
__Ltext3                  text3        000000
__Ltext4                  text4        000000
__Ltext5                  text5        000000
__Ltext6                  text6        000000
__Ltext7                  text7        000000
__Ltext8                  text8        000000
__Ltext9                  text9        000000
__S0                      (abs)        001264
__S1                      (abs)        0000B0
__S4                      (abs)        000000
__S5                      (abs)        000000
___aodiv                  text11       0008AA
___aodiv@counter          cstackCOMRAM 000015
___aodiv@dividend         cstackCOMRAM 000005
___aodiv@divisor          cstackCOMRAM 00000D
___aodiv@quotient         cstackCOMRAM 000017
___aodiv@sign             cstackCOMRAM 000016
___aomod                  text10       000A32
___aomod@counter          cstackCOMRAM 000015
___aomod@dividend         cstackCOMRAM 000005
___aomod@divisor          cstackCOMRAM 00000D
___aomod@sign             cstackCOMRAM 000016
___heap_hi                (abs)        000000
___heap_lo                (abs)        000000
___inthi_sp               stack        000000
___intlo_sp               stack        000000
___param_bank             (abs)        000000
___rparam_used            (abs)        000001
___sp                     stack        000000
__accesstop               (abs)        000080
__activetblptr            (abs)        000002
__end_of___aodiv          text11       000A32
__end_of___aomod          text10       000B96
__end_of__initialization  cinit        0011EA
__end_of_abs              text9        0011D2
__end_of_config_FOSC      text20       00125C
__end_of_config_INTERRUPT text19       001262
__end_of_config_IO        text18       001252
__end_of_config_TIMER0    text17       001244
__end_of_dtoa             text4        0008AA
__end_of_fputc            text7        000E90
__end_of_fputs            text6        001192
__end_of_intern_TMR0      intcodelo    0000E2
__end_of_lcd_cmd          text15       000DC6
__end_of_lcd_init         text14       000FCA
__end_of_lcd_send_byte    text13       001236
__end_of_lcd_write        text12       000F30
__end_of_main             text0        0010B2
__end_of_pad              text5        001044
__end_of_putch            text8        001264
__end_of_set_bit          text16       001218
__end_of_sprintf          text1        001100
__end_of_vfpfcnvrt        text3        000CE2
__end_of_vfprintf         text2        00114E
__initialization          cinit        0011D2
__mediumconst             mediumconst  000000
__pbssBANK0               bssBANK0     000080
__pbssCOMRAM              bssCOMRAM    000070
__pcinit                  cinit        0011D2
__pcstackCOMRAM           cstackCOMRAM 000001
__pintcodelo              intcodelo    000018
__psmallconst             smallconst   000600
__ptext0                  text0        001044
__ptext1                  text1        0010B2
__ptext10                 text10       000A32
__ptext11                 text11       0008AA
__ptext12                 text12       000E90
__ptext13                 text13       001218
__ptext14                 text14       000F30
__ptext15                 text15       000CE2
__ptext16                 text16       0011F8
__ptext17                 text17       001236
__ptext18                 text18       001244
__ptext19                 text19       00125C
__ptext2                  text2        001100
__ptext20                 text20       001252
__ptext3                  text3        000B96
__ptext4                  text4        00062E
__ptext5                  text5        000FCA
__ptext6                  text6        00114E
__ptext7                  text7        000DC6
__ptext8                  text8        001262
__ptext9                  text9        001192
__ramtop                  ramtop       000600
__smallconst              smallconst   000600
_abs                      text9        001192
_bufferLCD                bssBANK0     0000A0
_config_FOSC              text20       001252
_config_INTERRUPT         text19       00125C
_config_IO                text18       001244
_config_TIMER0            text17       001236
_counter                  bssCOMRAM    000074
_dbuf                     bssBANK0     000080
_dtoa                     text4        00062E
_dtoa$967                 cstackCOMRAM 000032
_flags                    bssCOMRAM    00007A
_fputc                    text7        000DC6
_fputs                    text6        00114E
_intern_TMR0              intcodelo    000018
_lcd_cmd                  text15       000CE2
_lcd_init                 text14       000F30
_lcd_send_byte            text13       001218
_lcd_write                text12       000E90
_main                     text0        001044
_pad                      text5        000FCA
_prec                     bssCOMRAM    000072
_putch                    text8        001262
_set_bit                  text16       0011F8
_sprintf                  text1        0010B2
_timer_1000ms             bssCOMRAM    000076
_timer_500ms              bssCOMRAM    000078
_vfpfcnvrt                text3        000B96
_vfprintf                 text2        001100
_width                    bssCOMRAM    000070
abs@a                     cstackCOMRAM 000017
btemp                     temp         00007B
dtoa@d                    cstackCOMRAM 000022
dtoa@fp                   cstackCOMRAM 000020
dtoa@i                    cstackCOMRAM 000040
dtoa@n                    cstackCOMRAM 000038
dtoa@p                    cstackCOMRAM 000034
dtoa@s                    cstackCOMRAM 000042
dtoa@w                    cstackCOMRAM 000036
end_of_initialization     cinit        0011EA
fputc@c                   cstackCOMRAM 000005
fputc@fp                  cstackCOMRAM 000007
fputs@c                   cstackCOMRAM 000012
fputs@fp                  cstackCOMRAM 000010
fputs@i                   cstackCOMRAM 000013
fputs@s                   cstackCOMRAM 00000E
int$flags                 temp         00007B
intlevel0                 text         000000
intlevel1                 text         000000
intlevel2                 text         000000
intlevel3                 text         000000
isa$std                   (abs)        000001
isa$xinst                 (abs)        000000
lcd_cmd@cmd               cstackCOMRAM 000008
lcd_init@i                cstackCOMRAM 00000A
lcd_send_byte@data        cstackCOMRAM 000009
lcd_send_byte@level       cstackCOMRAM 00000A
lcd_write@col             cstackCOMRAM 00000B
lcd_write@end             cstackCOMRAM 00000E
lcd_write@lin             cstackCOMRAM 00000F
lcd_write@str             cstackCOMRAM 00000C
pad@buf                   cstackCOMRAM 000017
pad@fp                    cstackCOMRAM 000015
pad@i                     cstackCOMRAM 00001C
pad@p                     cstackCOMRAM 000019
pad@w                     cstackCOMRAM 00001E
set_bit@cmd               cstackCOMRAM 000006
set_bit@comp              cstackCOMRAM 000005
sprintf@ap                cstackCOMRAM 000063
sprintf@f                 cstackCOMRAM 000065
sprintf@fmt               cstackCOMRAM 00005F
sprintf@s                 cstackCOMRAM 00005D
stackhi                   (abs)        000000
stacklo                   (abs)        000000
start                     init         0000E2
start_initialization      cinit        0011D2
ttemp5                    temp         00007C
ttemp6                    temp         00007F
ttemp7                    temp         000083
vfpfcnvrt@ap              cstackCOMRAM 000047
vfpfcnvrt@convarg         cstackCOMRAM 00004B
vfpfcnvrt@cp              cstackCOMRAM 000053
vfpfcnvrt@fmt             cstackCOMRAM 000045
vfpfcnvrt@fp              cstackCOMRAM 000043
vfprintf@ap               cstackCOMRAM 000059
vfprintf@cfmt             cstackCOMRAM 00005B
vfprintf@fmt              cstackCOMRAM 000057
vfprintf@fp               cstackCOMRAM 000055
wtemp8                    temp         00007C


MODULE INFORMATION

Module		Function		Class		Link	Load	Size
C:\Program Files\Microchip\xc8\v2.40\pic\sources\c99\common\nf_fputc.c
		_fputc         		CODE           	0DC6	0000	202

C:\Program Files\Microchip\xc8\v2.40\pic\sources\c99\common\nf_fputc.c estimated size: 202

C:\Program Files\Microchip\xc8\v2.40\pic\sources\c99\common\nf_sprintf.c
		_sprintf       		CODE           	10B2	0000	78

C:\Program Files\Microchip\xc8\v2.40\pic\sources\c99\common\nf_sprintf.c estimated size: 78

C:\Program Files\Microchip\xc8\v2.40\pic\sources\c99\common\abs.c
		_abs           		CODE           	1192	0000	64

C:\Program Files\Microchip\xc8\v2.40\pic\sources\c99\common\abs.c estimated size: 64

Program_main.c
		_intern_TMR0   		CODE           	0018	0000	202
		_main          		CODE           	1044	0000	110
		_config_INTERRUPT		CODE           	125C	0000	6
		_config_IO     		CODE           	1244	0000	14
		_config_FOSC   		CODE           	1252	0000	10
		_config_TIMER0 		CODE           	1236	0000	14

Program_main.c estimated size: 356

LCD4b.c
		_lcd_cmd       		CODE           	0CE2	0000	228
		_lcd_send_byte 		CODE           	1218	0000	30
		_set_bit       		CODE           	11F8	0000	32
		_lcd_write     		CODE           	0E90	0000	160
		_lcd_init      		CODE           	0F30	0000	154

LCD4b.c estimated size: 604

C:\Program Files\Microchip\xc8\v2.40\pic\sources\c99\common\nf_fputs.c
		_fputs         		CODE           	114E	0000	68

C:\Program Files\Microchip\xc8\v2.40\pic\sources\c99\common\nf_fputs.c estimated size: 68

C:\Program Files\Microchip\xc8\v2.40\pic\sources\c99\common\aomod.c
		___aomod       		CODE           	0A32	0000	356

C:\Program Files\Microchip\xc8\v2.40\pic\sources\c99\common\aomod.c estimated size: 356

shared
		__initialization		CODE           	11D2	0000	24

shared estimated size: 24

C:\Program Files\Microchip\xc8\v2.40\pic\sources\c99\common\putch.c
		_putch         		CODE           	1262	0000	2

C:\Program Files\Microchip\xc8\v2.40\pic\sources\c99\common\putch.c estimated size: 2

C:\Program Files\Microchip\xc8\v2.40\pic\sources\c99\common\doprnt.c
		_vfpfcnvrt     		CODE           	0B96	0000	332
		_pad           		CODE           	0FCA	0000	122
		_dtoa          		CODE           	062E	0000	636
		_vfprintf      		CODE           	1100	0000	78

C:\Program Files\Microchip\xc8\v2.40\pic\sources\c99\common\doprnt.c estimated size: 1168

C:\Program Files\Microchip\xc8\v2.40\pic\sources\c99\common\aodiv.c
		___aodiv       		CODE           	08AA	0000	392

C:\Program Files\Microchip\xc8\v2.40\pic\sources\c99\common\aodiv.c estimated size: 392

