Microchip MPLAB XC8 Compiler V2.40

Linker command line:

-W-3 \
  --edf=C:/Users/profb/.mchp_packs/Microchip/PIC18Fxxxx_DFP/1.4.151/xc8\pic\dat\20230323171731_en.msgs \
  -cn -h+dist/default/production\Timer_PWM_Simple.X.production.sym \
  --cmf=dist/default/production\Timer_PWM_Simple.X.production.cmf -z \
  -Q18F4523 -oC:\Users\profb\AppData\Local\Temp\xcAsftk.4 \
  --defsym=__MPLAB_BUILD=1 --fixupoverflow=error \
  -Mdist/default/production/Timer_PWM_Simple.X.production.map \
  --md=C:\Users\profb\AppData\Local\Temp\xcAsftk.dat -E1 -ver=XC8 Compiler \
  --acfsm=1493 -ACODE=00h-07FFFh -ACONST=00h-07FFFh \
  -ASMALLCONST=0600h-06FFhx122 -AMEDIUMCONST=0600h-07FFFh -ACOMRAM=01h-07Fh \
  -AABS1=00h-05FFh -ABIGRAM=01h-05FFh -ARAM=080h-0FFh,0100h-01FFhx5 \
  -ABANK0=080h-0FFh -ABANK1=0100h-01FFh -ABANK2=0200h-02FFh \
  -ABANK3=0300h-03FFh -ABANK4=0400h-04FFh -ABANK5=0500h-05FFh \
  -ASFR=0F80h-0FFFh -ABIGSFR=0F80h-0FFFh -ACONFIG=0300000h-030000Dh \
  -AIDLOC=0200000h-0200007h -AEEDATA=0F00000h-0F000FFh -peeprom_data=EEDATA \
  -preset_vec=00h,intcode=08h,intcodelo,powerup,init -pramtop=0600h \
  -psmallconst=SMALLCONST -pmediumconst=MEDIUMCONST -pconst=CONST \
  -AFARRAM=00h-00h \
  -prdata=COMRAM,nvrram=COMRAM,nvbit=COMRAM,rbss=COMRAM,rbit=COMRAM \
  -pfarbss=FARRAM,fardata=FARRAM,nvFARRAM=FARRAM \
  -pintsave_regs=BIGRAM,bigbss=BIGRAM,bigdata=BIGRAM -pbss=RAM \
  -pidata=CODE,irdata=CODE,ibigdata=CODE,ifardata=CODE -prparam=COMRAM \
  C:\Users\profb\AppData\Local\Temp\xcAsftk.o \
  dist/default/production\Timer_PWM_Simple.X.production.o 

Object code version is 3.11

Machine type is 18F4523



                Name                               Link     Load   Length Selector   Space Scale
C:\Users\profb\AppData\Local\Temp\xcAsftk.o
                idloc                            200000   200000        8        0       5
                config                           300000   300000        E        0       4
                init                                 D2       D2        4        4       0
                reset_vec                             0        0        4        0       0
dist/default/production\Timer_PWM_Simple.X.production.o
                intcode                               8        8       CA        4       0
                idloc                            200000   200000        8        0       5
                config                           300000   300000        E        0       4
                temp                                 20       20        1        1       1
                smallconst                          600      600       30      300       0
                text12                              630      630      4C0      318       0
                text11                              BD4      BD4       AA      318       0
                text9                               E44      E44        A      318       0
                text8                               E4E      E4E        6      318       0
                text7                               E2C      E2C        E      318       0
                text6                               E3A      E3A        A      318       0
                text5                               DD4      DD4       20      318       0
                text4                               AF0      AF0       E4      318       0
                text3                               C7E      C7E       9E      318       0
                text2                               DF4      DF4       1E      318       0
                text1                               D1C      D1C       78      318       0
                text0                               D94      D94       40      318       0
                cstackCOMRAM                          1        1       1B        1       1
                bssCOMRAM                            1C       1C        4        1       1
                cinit                               E12      E12       1A      318       0

TOTAL           Name                               Link     Load   Length     Space
        CLASS   CODE           
                intcode                               8        8       CA         0
                init                                 D2       D2        4         0
                reset_vec                             0        0        4         0
                text12                              630      630      4C0         0
                text11                              BD4      BD4       AA         0
                text9                               E44      E44        A         0
                text8                               E4E      E4E        6         0
                text7                               E2C      E2C        E         0
                text6                               E3A      E3A        A         0
                text5                               DD4      DD4       20         0
                text4                               AF0      AF0       E4         0
                text3                               C7E      C7E       9E         0
                text2                               DF4      DF4       1E         0
                text1                               D1C      D1C       78         0
                text0                               D94      D94       40         0
                cinit                               E12      E12       1A         0

        CLASS   CONST          

        CLASS   SMALLCONST     
                smallconst                          600      600       30         0

        CLASS   MEDIUMCONST    

        CLASS   COMRAM         
                temp                                 20       20        1         1
                cstackCOMRAM                          1        1       1B         1
                bssCOMRAM                            1C       1C        4         1

        CLASS   ABS1           

        CLASS   BIGRAM         

        CLASS   RAM            

        CLASS   BANK0          

        CLASS   BANK1          

        CLASS   BANK2          

        CLASS   BANK3          

        CLASS   BANK4          

        CLASS   BANK5          

        CLASS   SFR            

        CLASS   BIGSFR         

        CLASS   CONFIG         
                config                           300000   300000        E         4

        CLASS   IDLOC          
                idloc                            200000   200000        8         5

        CLASS   EEDATA         

        CLASS   FARRAM         

        CLASS   HEAP           

        CLASS   STACK          



SEGMENTS        Name                           Load    Length   Top    Selector   Space  Class

                reset_vec                      000000  000004  000004         0       0  CODE    
                cstackCOMRAM                   000001  000020  000021         1       1  COMRAM  
                intcode                        000008  0000CE  0000D6         4       0  CODE    
                smallconst                     000600  000030  000630       300       0  SMALLCON
                text12                         000630  000824  000E54       318       0  CODE    


UNUSED ADDRESS RANGES

        Name                Unused          Largest block    Delta
        BANK0            000080-0000FF               80
        BANK1            000100-0001FF              100
        BANK2            000200-0002FF              100
        BANK3            000300-0003FF              100
        BANK4            000400-0004FF              100
        BANK5            000500-0005FF              100
        BIGRAM           000021-0005FF              5DF
        BIGSFR           000F80-000FFF               80
        CODE             000004-000007                4
                         0000D6-0005FF              52A
                         000E54-007FFF             71AC
        COMRAM           000021-00007F               5F
        CONST            000004-000007                4
                         0000D6-0005FF              52A
                         000E54-007FFF             71AC
        EEDATA           F00000-F000FF              100
        MEDIUMCONST      000E54-007FFF             71AC
        RAM              000080-0005FF              100
        SFR              000F80-000FFF               80
        SMALLCONST       000E54-007FFF              100

                                  Symbol Table

?___fladd                 cstackCOMRAM 000001
_ADCON1                   (abs)        000FC1
_INTCON                   (abs)        000FF2
_INTCONbits               (abs)        000FF2
_OSCCON                   (abs)        000FD3
_OSCTUNE                  (abs)        000F9B
_PORTB                    (abs)        000F81
_PORTBbits                (abs)        000F81
_PORTD                    (abs)        000F83
_PORTDbits                (abs)        000F83
_PORTEbits                (abs)        000F84
_T0CON                    (abs)        000FD5
_TMR0L                    (abs)        000FD6
_TRISB                    (abs)        000F93
_TRISD                    (abs)        000F95
_TRISEbits                (abs)        000F96
__HRAM                    (abs)        000000
__Habs1                   abs1         000000
__Hbank0                  bank0        000000
__Hbank1                  bank1        000000
__Hbank2                  bank2        000000
__Hbank3                  bank3        000000
__Hbank4                  bank4        000000
__Hbank5                  bank5        000000
__Hbigbss                 bigbss       000000
__Hbigdata                bigdata      000000
__Hbigram                 bigram       000000
__Hbigsfr                 bigsfr       000000
__Hbss                    bss          000000
__HbssCOMRAM              bssCOMRAM    000000
__Hcinit                  cinit        000000
__Hclrtext                clrtext      000000
__Hcomram                 comram       000000
__Hconfig                 config       30000E
__Hconst                  const        000000
__HcstackCOMRAM           cstackCOMRAM 000000
__Hdata                   data         000000
__Heeprom_data            eeprom_data  000000
__Hfarbss                 farbss       000000
__Hfardata                fardata      000000
__Hheap                   heap         000000
__Hibigdata               ibigdata     000000
__Hidata                  idata        000000
__Hidloc                  idloc        200008
__Hifardata               ifardata     000000
__Hinit                   init         0000D6
__Hintcode                intcode      0000D2
__Hintcode_body           intcode_body 000000
__Hintcodelo              intcodelo    0000D2
__Hintentry               intentry     000000
__Hintret                 intret       000000
__Hintsave_regs           intsave_regs 000000
__Hirdata                 irdata       000000
__Hmediumconst            mediumconst  000000
__HnvFARRAM               nvFARRAM     000000
__Hnvbit                  nvbit        000000
__Hnvrram                 nvrram       000000
__Hparam                  rparam       000000
__Hpowerup                powerup      0000D2
__Hram                    ram          000000
__Hramtop                 ramtop       000600
__Hrbit                   rbit         000000
__Hrbss                   rbss         000000
__Hrdata                  rdata        000000
__Hreset_vec              reset_vec    000004
__Hrparam                 rparam       000000
__Hsfr                    sfr          000000
__Hsmallconst             smallconst   000630
__Hspace_0                (abs)        000E54
__Hspace_1                (abs)        000021
__Hspace_2                (abs)        000000
__Hspace_4                (abs)        60000E
__Hstack                  stack        000000
__Hstruct                 struct       000000
__Htemp                   temp         000021
__Htext                   text         000000
__Htext0                  text0        000000
__Htext1                  text1        000000
__Htext11                 text11       000000
__Htext12                 text12       000000
__Htext2                  text2        000000
__Htext3                  text3        000000
__Htext4                  text4        000000
__Htext5                  text5        000000
__Htext6                  text6        000000
__Htext7                  text7        000000
__Htext8                  text8        000000
__Htext9                  text9        000000
__LRAM                    (abs)        000001
__Labs1                   abs1         000000
__Lbank0                  bank0        000000
__Lbank1                  bank1        000000
__Lbank2                  bank2        000000
__Lbank3                  bank3        000000
__Lbank4                  bank4        000000
__Lbank5                  bank5        000000
__Lbigbss                 bigbss       000000
__Lbigdata                bigdata      000000
__Lbigram                 bigram       000000
__Lbigsfr                 bigsfr       000000
__Lbss                    bss          000000
__LbssCOMRAM              bssCOMRAM    000000
__Lcinit                  cinit        000000
__Lclrtext                clrtext      000000
__Lcomram                 comram       000000
__Lconfig                 config       000000
__Lconst                  const        000000
__LcstackCOMRAM           cstackCOMRAM 000000
__Ldata                   data         000000
__Leeprom_data            eeprom_data  000000
__Lfarbss                 farbss       000000
__Lfardata                fardata      000000
__Lheap                   heap         000000
__Libigdata               ibigdata     000000
__Lidata                  idata        000000
__Lidloc                  idloc        000000
__Lifardata               ifardata     000000
__Linit                   init         0000D2
__Lintcode                intcode      000008
__Lintcode_body           intcode_body 000000
__Lintcodelo              intcodelo    0000D2
__Lintentry               intentry     000000
__Lintret                 intret       000000
__Lintsave_regs           intsave_regs 000000
__Lirdata                 irdata       000000
__Lmediumconst            mediumconst  000000
__LnvFARRAM               nvFARRAM     000000
__Lnvbit                  nvbit        000000
__Lnvrram                 nvrram       000000
__Lparam                  rparam       000000
__Lpowerup                powerup      0000D2
__Lram                    ram          000000
__Lramtop                 ramtop       000600
__Lrbit                   rbit         000000
__Lrbss                   rbss         000000
__Lrdata                  rdata        000000
__Lreset_vec              reset_vec    000000
__Lrparam                 rparam       000000
__Lsfr                    sfr          000000
__Lsmallconst             smallconst   000600
__Lspace_0                (abs)        000000
__Lspace_1                (abs)        000000
__Lspace_2                (abs)        000000
__Lspace_4                (abs)        000000
__Lstack                  stack        000000
__Lstruct                 struct       000000
__Ltemp                   temp         000020
__Ltext                   text         000000
__Ltext0                  text0        000000
__Ltext1                  text1        000000
__Ltext11                 text11       000000
__Ltext12                 text12       000000
__Ltext2                  text2        000000
__Ltext3                  text3        000000
__Ltext4                  text4        000000
__Ltext5                  text5        000000
__Ltext6                  text6        000000
__Ltext7                  text7        000000
__Ltext8                  text8        000000
__Ltext9                  text9        000000
__S0                      (abs)        000E54
__S1                      (abs)        000021
__S4                      (abs)        000000
__S5                      (abs)        000000
___fladd                  text12       000630
___fladd@a                cstackCOMRAM 000005
___fladd@aexp             cstackCOMRAM 00000E
___fladd@b                cstackCOMRAM 000001
___fladd@bexp             cstackCOMRAM 00000F
___fladd@grs              cstackCOMRAM 000010
___fladd@signs            cstackCOMRAM 00000D
___fleq                   text11       000BD4
___fleq@ff1               cstackCOMRAM 000001
___fleq@ff2               cstackCOMRAM 000005
___heap_hi                (abs)        000000
___heap_lo                (abs)        000000
___inthi_sp               stack        000000
___intlo_sp               stack        000000
___param_bank             (abs)        000000
___rparam_used            (abs)        000001
___sp                     stack        000000
__accesstop               (abs)        000080
__activetblptr            (abs)        000001
__end_of___fladd          text12       000AF0
__end_of___fleq           text11       000C7E
__end_of__initialization  cinit        000E1A
__end_of_config_FOSC      text9        000E4E
__end_of_config_INTERRUPT text8        000E54
__end_of_config_IO        text7        000E3A
__end_of_config_TIMER0    text6        000E44
__end_of_intern_TMR0      intcode      0000D2
__end_of_lcd_cmd          text4        000BD4
__end_of_lcd_init         text3        000D1C
__end_of_lcd_send_byte    text2        000E12
__end_of_lcd_write        text1        000D94
__end_of_main             text0        000DD4
__end_of_set_bit          text5        000DF4
__initialization          cinit        000E12
__mediumconst             mediumconst  000000
__pbssCOMRAM              bssCOMRAM    00001C
__pcinit                  cinit        000E12
__pcstackCOMRAM           cstackCOMRAM 000001
__pintcode                intcode      000008
__psmallconst             smallconst   000600
__ptext0                  text0        000D94
__ptext1                  text1        000D1C
__ptext11                 text11       000BD4
__ptext12                 text12       000630
__ptext2                  text2        000DF4
__ptext3                  text3        000C7E
__ptext4                  text4        000AF0
__ptext5                  text5        000DD4
__ptext6                  text6        000E3A
__ptext7                  text7        000E2C
__ptext8                  text8        000E4E
__ptext9                  text9        000E44
__ramtop                  ramtop       000600
__smallconst              smallconst   000600
_config_FOSC              text9        000E44
_config_INTERRUPT         text8        000E4E
_config_IO                text7        000E2C
_config_TIMER0            text6        000E3A
_duty_cicle               bssCOMRAM    00001C
_intern_TMR0              intcode      000008
_lcd_cmd                  text4        000AF0
_lcd_init                 text3        000C7E
_lcd_send_byte            text2        000DF4
_lcd_write                text1        000D1C
_main                     text0        000D94
_set_bit                  text5        000DD4
btemp                     temp         000020
end_of_initialization     cinit        000E1A
int$flags                 temp         000020
intlevel0                 text         000000
intlevel1                 text         000000
intlevel2                 text         000000
intlevel3                 text         000000
isa$std                   (abs)        000001
isa$xinst                 (abs)        000000
lcd_cmd@cmd               cstackCOMRAM 000014
lcd_init@i                cstackCOMRAM 000016
lcd_send_byte@data        cstackCOMRAM 000015
lcd_send_byte@level       cstackCOMRAM 000016
lcd_write@col             cstackCOMRAM 000017
lcd_write@end             cstackCOMRAM 00001A
lcd_write@lin             cstackCOMRAM 00001B
lcd_write@str             cstackCOMRAM 000018
set_bit@cmd               cstackCOMRAM 000012
set_bit@comp              cstackCOMRAM 000011
stackhi                   (abs)        000000
stacklo                   (abs)        000000
start                     init         0000D2
start_initialization      cinit        000E12
ttemp5                    temp         000021
ttemp6                    temp         000024
ttemp7                    temp         000028
wtemp8                    temp         000021


MODULE INFORMATION

Module		Function		Class		Link	Load	Size
C:\Program Files\Microchip\xc8\v2.40\pic\sources\c99\common\fleq.c
		___fleq        		CODE           	0BD4	0000	170

C:\Program Files\Microchip\xc8\v2.40\pic\sources\c99\common\fleq.c estimated size: 170

LCD4b_EXSTO.c
		_lcd_cmd       		CODE           	0AF0	0000	228
		_lcd_send_byte 		CODE           	0DF4	0000	30
		_set_bit       		CODE           	0DD4	0000	32
		_lcd_write     		CODE           	0D1C	0000	120
		_lcd_init      		CODE           	0C7E	0000	158

LCD4b_EXSTO.c estimated size: 568

C:\Program Files\Microchip\xc8\v2.40\pic\sources\c99\common\sprcadd.c
		___fladd       		CODE           	0630	0000	1216

C:\Program Files\Microchip\xc8\v2.40\pic\sources\c99\common\sprcadd.c estimated size: 1216

Program_PWM.c
		_intern_TMR0   		CODE           	0008	0000	202
		_main          		CODE           	0D94	0000	64
		_config_INTERRUPT		CODE           	0E4E	0000	6
		_config_IO     		CODE           	0E2C	0000	14
		_config_FOSC   		CODE           	0E44	0000	10
		_config_TIMER0 		CODE           	0E3A	0000	10

Program_PWM.c estimated size: 306

shared
		__initialization		CODE           	0E12	0000	8

shared estimated size: 8

