Microchip MPLAB XC8 Compiler V2.40

Linker command line:

-W-3 \
  --edf=C:/Users/profb/.mchp_packs/Microchip/PIC18Fxxxx_DFP/1.4.151/xc8\pic\dat\20230323171731_en.msgs \
  -cn -h+dist/default/production\Timer_PWM_Variable.X.production.sym \
  --cmf=dist/default/production\Timer_PWM_Variable.X.production.cmf -z \
  -Q18F4520 -oC:\Users\profb\AppData\Local\Temp\xcAsn0s.4 \
  --defsym=__MPLAB_BUILD=1 --fixupoverflow=error \
  -Mdist/default/production/Timer_PWM_Variable.X.production.map \
  --md=C:\Users\profb\AppData\Local\Temp\xcAsn0s.dat -E1 -ver=XC8 Compiler \
  --acfsm=1493 -ACODE=00h-07FFFh -ACONST=00h-07FFFh \
  -ASMALLCONST=0600h-06FFhx122 -AMEDIUMCONST=0600h-07FFFh -ACOMRAM=01h-07Fh \
  -AABS1=00h-05FFh -ABIGRAM=01h-05FFh -ARAM=080h-0FFh,0100h-01FFhx5 \
  -ABANK0=080h-0FFh -ABANK1=0100h-01FFh -ABANK2=0200h-02FFh \
  -ABANK3=0300h-03FFh -ABANK4=0400h-04FFh -ABANK5=0500h-05FFh \
  -ASFR=0F80h-0FFFh -ABIGSFR=0F80h-0FFFh -ACONFIG=0300000h-030000Dh \
  -AIDLOC=0200000h-0200007h -AEEDATA=0F00000h-0F000FFh -peeprom_data=EEDATA \
  -preset_vec=00h,intcode=08h,intcodelo,powerup,init -pramtop=0600h \
  -psmallconst=SMALLCONST -pmediumconst=MEDIUMCONST -pconst=CONST \
  -AFARRAM=00h-00h \
  -prdata=COMRAM,nvrram=COMRAM,nvbit=COMRAM,rbss=COMRAM,rbit=COMRAM \
  -pfarbss=FARRAM,fardata=FARRAM,nvFARRAM=FARRAM \
  -pintsave_regs=BIGRAM,bigbss=BIGRAM,bigdata=BIGRAM -pbss=RAM \
  -pidata=CODE,irdata=CODE,ibigdata=CODE,ifardata=CODE -prparam=COMRAM \
  C:\Users\profb\AppData\Local\Temp\xcAsn0s.o \
  dist/default/production\Timer_PWM_Variable.X.production.o 

Object code version is 3.11

Machine type is 18F4520



                Name                               Link     Load   Length Selector   Space Scale
C:\Users\profb\AppData\Local\Temp\xcAsn0s.o
                idloc                            200000   200000        8        0       5
                config                           300000   300000        E        0       4
                init                                  E        E        4        4       0
                reset_vec                             0        0        4        0       0
dist/default/production\Timer_PWM_Variable.X.production.o
                intcode                               8        8        6        4       0
                idloc                            200000   200000        8        0       5
                config                           300000   300000        E        0       4
                temp                                 20       20        1        1       1
                smallconst                          600      600       2C      300       0
                text12                              62C      62C      4C0      316       0
                text11                              AEC      AEC      104      316       0
                intcode_body                        BF0      BF0      100      316       0
                text9                               F9A      F9A        A      316       0
                text8                               FA4      FA4        6      316       0
                text7                               F82      F82        E      316       0
                text6                               F90      F90        A      316       0
                text5                               F2A      F2A       20      316       0
                text4                               CF0      CF0       E4      316       0
                text3                               DD4      DD4       9E      316       0
                text2                               F4A      F4A       1E      316       0
                text1                               E72      E72       78      316       0
                text0                               EEA      EEA       40      316       0
                cstackCOMRAM                          1        1       1B        1       1
                bssCOMRAM                            1C       1C        4        1       1
                cinit                               F68      F68       1A      316       0

TOTAL           Name                               Link     Load   Length     Space
        CLASS   CODE           
                intcode                               8        8        6         0
                init                                  E        E        4         0
                reset_vec                             0        0        4         0
                text12                              62C      62C      4C0         0
                text11                              AEC      AEC      104         0
                intcode_body                        BF0      BF0      100         0
                text9                               F9A      F9A        A         0
                text8                               FA4      FA4        6         0
                text7                               F82      F82        E         0
                text6                               F90      F90        A         0
                text5                               F2A      F2A       20         0
                text4                               CF0      CF0       E4         0
                text3                               DD4      DD4       9E         0
                text2                               F4A      F4A       1E         0
                text1                               E72      E72       78         0
                text0                               EEA      EEA       40         0
                cinit                               F68      F68       1A         0

        CLASS   CONST          

        CLASS   SMALLCONST     
                smallconst                          600      600       2C         0

        CLASS   MEDIUMCONST    

        CLASS   COMRAM         
                temp                                 20       20        1         1
                cstackCOMRAM                          1        1       1B         1
                bssCOMRAM                            1C       1C        4         1

        CLASS   ABS1           

        CLASS   BIGRAM         

        CLASS   RAM            

        CLASS   BANK0          

        CLASS   BANK1          

        CLASS   BANK2          

        CLASS   BANK3          

        CLASS   BANK4          

        CLASS   BANK5          

        CLASS   SFR            

        CLASS   BIGSFR         

        CLASS   CONFIG         
                config                           300000   300000        E         4

        CLASS   IDLOC          
                idloc                            200000   200000        8         5

        CLASS   EEDATA         

        CLASS   FARRAM         

        CLASS   HEAP           

        CLASS   STACK          



SEGMENTS        Name                           Load    Length   Top    Selector   Space  Class

                reset_vec                      000000  000004  000004         0       0  CODE    
                cstackCOMRAM                   000001  000020  000021         1       1  COMRAM  
                intcode                        000008  00000A  000012         4       0  CODE    
                smallconst                     000600  00002C  00062C       300       0  SMALLCON
                text12                         00062C  00097E  000FAA       316       0  CODE    


UNUSED ADDRESS RANGES

        Name                Unused          Largest block    Delta
        BANK0            000080-0000FF               80
        BANK1            000100-0001FF              100
        BANK2            000200-0002FF              100
        BANK3            000300-0003FF              100
        BANK4            000400-0004FF              100
        BANK5            000500-0005FF              100
        BIGRAM           000021-0005FF              5DF
        BIGSFR           000F80-000FFF               80
        CODE             000004-000007                4
                         000012-0005FF              5EE
                         000FAA-007FFF             7056
        COMRAM           000021-00007F               5F
        CONST            000004-000007                4
                         000012-0005FF              5EE
                         000FAA-007FFF             7056
        EEDATA           F00000-F000FF              100
        MEDIUMCONST      000FAA-007FFF             7056
        RAM              000080-0005FF              100
        SFR              000F80-000FFF               80
        SMALLCONST       000FAA-007FFF              100

                                  Symbol Table

?___fladd                 cstackCOMRAM 000001
_ADCON1                   (abs)        000FC1
_INTCON                   (abs)        000FF2
_INTCONbits               (abs)        000FF2
_OSCCON                   (abs)        000FD3
_OSCTUNE                  (abs)        000F9B
_PORTB                    (abs)        000F81
_PORTBbits                (abs)        000F81
_PORTD                    (abs)        000F83
_PORTDbits                (abs)        000F83
_PORTEbits                (abs)        000F84
_T0CON                    (abs)        000FD5
_TMR0L                    (abs)        000FD6
_TRISB                    (abs)        000F93
_TRISD                    (abs)        000F95
_TRISEbits                (abs)        000F96
__HRAM                    (abs)        000000
__Habs1                   abs1         000000
__Hbank0                  bank0        000000
__Hbank1                  bank1        000000
__Hbank2                  bank2        000000
__Hbank3                  bank3        000000
__Hbank4                  bank4        000000
__Hbank5                  bank5        000000
__Hbigbss                 bigbss       000000
__Hbigdata                bigdata      000000
__Hbigram                 bigram       000000
__Hbigsfr                 bigsfr       000000
__Hbss                    bss          000000
__HbssCOMRAM              bssCOMRAM    000000
__Hcinit                  cinit        000000
__Hclrtext                clrtext      000000
__Hcomram                 comram       000000
__Hconfig                 config       30000E
__Hconst                  const        000000
__HcstackCOMRAM           cstackCOMRAM 000000
__Hdata                   data         000000
__Heeprom_data            eeprom_data  000000
__Hfarbss                 farbss       000000
__Hfardata                fardata      000000
__Hheap                   heap         000000
__Hibigdata               ibigdata     000000
__Hidata                  idata        000000
__Hidloc                  idloc        200008
__Hifardata               ifardata     000000
__Hinit                   init         000012
__Hintcode                intcode      00000E
__Hintcode_body           intcode_body 000000
__Hintcodelo              intcodelo    00000E
__Hintentry               intentry     000000
__Hintret                 intret       000000
__Hintsave_regs           intsave_regs 000000
__Hirdata                 irdata       000000
__Hmediumconst            mediumconst  000000
__HnvFARRAM               nvFARRAM     000000
__Hnvbit                  nvbit        000000
__Hnvrram                 nvrram       000000
__Hparam                  rparam       000000
__Hpowerup                powerup      00000E
__Hram                    ram          000000
__Hramtop                 ramtop       000600
__Hrbit                   rbit         000000
__Hrbss                   rbss         000000
__Hrdata                  rdata        000000
__Hreset_vec              reset_vec    000004
__Hrparam                 rparam       000000
__Hsfr                    sfr          000000
__Hsmallconst             smallconst   00062C
__Hspace_0                (abs)        000FAA
__Hspace_1                (abs)        000021
__Hspace_2                (abs)        000000
__Hspace_4                (abs)        60000E
__Hstack                  stack        000000
__Hstruct                 struct       000000
__Htemp                   temp         000021
__Htext                   text         000000
__Htext0                  text0        000000
__Htext1                  text1        000000
__Htext11                 text11       000000
__Htext12                 text12       000000
__Htext2                  text2        000000
__Htext3                  text3        000000
__Htext4                  text4        000000
__Htext5                  text5        000000
__Htext6                  text6        000000
__Htext7                  text7        000000
__Htext8                  text8        000000
__Htext9                  text9        000000
__LRAM                    (abs)        000001
__Labs1                   abs1         000000
__Lbank0                  bank0        000000
__Lbank1                  bank1        000000
__Lbank2                  bank2        000000
__Lbank3                  bank3        000000
__Lbank4                  bank4        000000
__Lbank5                  bank5        000000
__Lbigbss                 bigbss       000000
__Lbigdata                bigdata      000000
__Lbigram                 bigram       000000
__Lbigsfr                 bigsfr       000000
__Lbss                    bss          000000
__LbssCOMRAM              bssCOMRAM    000000
__Lcinit                  cinit        000000
__Lclrtext                clrtext      000000
__Lcomram                 comram       000000
__Lconfig                 config       000000
__Lconst                  const        000000
__LcstackCOMRAM           cstackCOMRAM 000000
__Ldata                   data         000000
__Leeprom_data            eeprom_data  000000
__Lfarbss                 farbss       000000
__Lfardata                fardata      000000
__Lheap                   heap         000000
__Libigdata               ibigdata     000000
__Lidata                  idata        000000
__Lidloc                  idloc        000000
__Lifardata               ifardata     000000
__Linit                   init         00000E
__Lintcode                intcode      000008
__Lintcode_body           intcode_body 000000
__Lintcodelo              intcodelo    00000E
__Lintentry               intentry     000000
__Lintret                 intret       000000
__Lintsave_regs           intsave_regs 000000
__Lirdata                 irdata       000000
__Lmediumconst            mediumconst  000000
__LnvFARRAM               nvFARRAM     000000
__Lnvbit                  nvbit        000000
__Lnvrram                 nvrram       000000
__Lparam                  rparam       000000
__Lpowerup                powerup      00000E
__Lram                    ram          000000
__Lramtop                 ramtop       000600
__Lrbit                   rbit         000000
__Lrbss                   rbss         000000
__Lrdata                  rdata        000000
__Lreset_vec              reset_vec    000000
__Lrparam                 rparam       000000
__Lsfr                    sfr          000000
__Lsmallconst             smallconst   000600
__Lspace_0                (abs)        000000
__Lspace_1                (abs)        000000
__Lspace_2                (abs)        000000
__Lspace_4                (abs)        000000
__Lstack                  stack        000000
__Lstruct                 struct       000000
__Ltemp                   temp         000020
__Ltext                   text         000000
__Ltext0                  text0        000000
__Ltext1                  text1        000000
__Ltext11                 text11       000000
__Ltext12                 text12       000000
__Ltext2                  text2        000000
__Ltext3                  text3        000000
__Ltext4                  text4        000000
__Ltext5                  text5        000000
__Ltext6                  text6        000000
__Ltext7                  text7        000000
__Ltext8                  text8        000000
__Ltext9                  text9        000000
__S0                      (abs)        000FAA
__S1                      (abs)        000021
__S4                      (abs)        000000
__S5                      (abs)        000000
___fladd                  text12       00062C
___fladd@a                cstackCOMRAM 000005
___fladd@aexp             cstackCOMRAM 00000E
___fladd@b                cstackCOMRAM 000001
___fladd@bexp             cstackCOMRAM 00000F
___fladd@grs              cstackCOMRAM 000010
___fladd@signs            cstackCOMRAM 00000D
___flge                   text11       000AEC
___flge@ff1               cstackCOMRAM 000001
___flge@ff2               cstackCOMRAM 000005
___heap_hi                (abs)        000000
___heap_lo                (abs)        000000
___inthi_sp               stack        000000
___intlo_sp               stack        000000
___param_bank             (abs)        000000
___rparam_used            (abs)        000001
___sp                     stack        000000
__accesstop               (abs)        000080
__activetblptr            (abs)        000001
__end_of___fladd          text12       000AEC
__end_of___flge           text11       000BF0
__end_of__initialization  cinit        000F70
__end_of_config_FOSC      text9        000FA4
__end_of_config_INTERRUPT text8        000FAA
__end_of_config_IO        text7        000F90
__end_of_config_TIMER0    text6        000F9A
__end_of_intern_TMR0      intcode_body 000CF0
__end_of_lcd_cmd          text4        000DD4
__end_of_lcd_init         text3        000E72
__end_of_lcd_send_byte    text2        000F68
__end_of_lcd_write        text1        000EEA
__end_of_main             text0        000F2A
__end_of_set_bit          text5        000F4A
__initialization          cinit        000F68
__mediumconst             mediumconst  000000
__pbssCOMRAM              bssCOMRAM    00001C
__pcinit                  cinit        000F68
__pcstackCOMRAM           cstackCOMRAM 000001
__pintcode                intcode      000008
__pintcode_body           intcode_body 000BF0
__psmallconst             smallconst   000600
__ptext0                  text0        000EEA
__ptext1                  text1        000E72
__ptext11                 text11       000AEC
__ptext12                 text12       00062C
__ptext2                  text2        000F4A
__ptext3                  text3        000DD4
__ptext4                  text4        000CF0
__ptext5                  text5        000F2A
__ptext6                  text6        000F90
__ptext7                  text7        000F82
__ptext8                  text8        000FA4
__ptext9                  text9        000F9A
__ramtop                  ramtop       000600
__smallconst              smallconst   000600
_config_FOSC              text9        000F9A
_config_INTERRUPT         text8        000FA4
_config_IO                text7        000F82
_config_TIMER0            text6        000F90
_duty_cicle               bssCOMRAM    00001C
_intern_TMR0              intcode      000008
_lcd_cmd                  text4        000CF0
_lcd_init                 text3        000DD4
_lcd_send_byte            text2        000F4A
_lcd_write                text1        000E72
_main                     text0        000EEA
_set_bit                  text5        000F2A
btemp                     temp         000020
end_of_initialization     cinit        000F70
int$flags                 temp         000020
int_func                  intcode_body 000BF0
intlevel0                 text         000000
intlevel1                 text         000000
intlevel2                 text         000000
intlevel3                 text         000000
isa$std                   (abs)        000001
isa$xinst                 (abs)        000000
lcd_cmd@cmd               cstackCOMRAM 000014
lcd_init@i                cstackCOMRAM 000016
lcd_send_byte@data        cstackCOMRAM 000015
lcd_send_byte@level       cstackCOMRAM 000016
lcd_write@col             cstackCOMRAM 000017
lcd_write@end             cstackCOMRAM 00001A
lcd_write@lin             cstackCOMRAM 00001B
lcd_write@str             cstackCOMRAM 000018
set_bit@cmd               cstackCOMRAM 000012
set_bit@comp              cstackCOMRAM 000011
stackhi                   (abs)        000000
stacklo                   (abs)        000000
start                     init         00000E
start_initialization      cinit        000F68
ttemp5                    temp         000021
ttemp6                    temp         000024
ttemp7                    temp         000028
wtemp8                    temp         000021


MODULE INFORMATION

Module		Function		Class		Link	Load	Size
LCD4b_EXSTO.c
		_lcd_cmd       		CODE           	0CF0	0000	228
		_lcd_send_byte 		CODE           	0F4A	0000	30
		_set_bit       		CODE           	0F2A	0000	32
		_lcd_write     		CODE           	0E72	0000	120
		_lcd_init      		CODE           	0DD4	0000	158

LCD4b_EXSTO.c estimated size: 568

C:\Program Files\Microchip\xc8\v2.40\pic\sources\c99\common\sprcadd.c
		___fladd       		CODE           	062C	0000	1216

C:\Program Files\Microchip\xc8\v2.40\pic\sources\c99\common\sprcadd.c estimated size: 1216

shared
		__initialization		CODE           	0F68	0000	8

shared estimated size: 8

C:\Program Files\Microchip\xc8\v2.40\pic\sources\c99\common\flge.c
		___flge        		CODE           	0AEC	0000	260

C:\Program Files\Microchip\xc8\v2.40\pic\sources\c99\common\flge.c estimated size: 260

Program_PWM_Var.c
		_intern_TMR0   		CODE           	0008	0000	262
		_main          		CODE           	0EEA	0000	64
		_config_INTERRUPT		CODE           	0FA4	0000	6
		_config_IO     		CODE           	0F82	0000	14
		_config_FOSC   		CODE           	0F9A	0000	10
		_config_TIMER0 		CODE           	0F90	0000	10

Program_PWM_Var.c estimated size: 366

