Microchip MPLAB XC8 Compiler V2.40

Linker command line:

-W-3 \
  --edf=C:/Users/profb/.mchp_packs/Microchip/PIC18Fxxxx_DFP/1.4.151/xc8\pic\dat\20230323171731_en.msgs \
  -cn -h+dist/default/production\Real_Clock_8bits.X.production.sym \
  --cmf=dist/default/production\Real_Clock_8bits.X.production.cmf -z \
  -Q18F4520 -oC:\Users\profb\AppData\Local\Temp\xcAsbo0.4 \
  --defsym=__MPLAB_BUILD=1 --fixupoverflow=error \
  -Mdist/default/production/Real_Clock_8bits.X.production.map \
  --md=C:\Users\profb\AppData\Local\Temp\xcAsbo0.dat -E1 -ver=XC8 Compiler \
  --acfsm=1493 -ACODE=00h-07FFFh -ACONST=00h-07FFFh \
  -ASMALLCONST=0600h-06FFhx122 -AMEDIUMCONST=0600h-07FFFh -ACOMRAM=01h-07Fh \
  -AABS1=00h-05FFh -ABIGRAM=01h-05FFh -ARAM=080h-0FFh,0100h-01FFhx5 \
  -ABANK0=080h-0FFh -ABANK1=0100h-01FFh -ABANK2=0200h-02FFh \
  -ABANK3=0300h-03FFh -ABANK4=0400h-04FFh -ABANK5=0500h-05FFh \
  -ASFR=0F80h-0FFFh -ABIGSFR=0F80h-0FFFh -ACONFIG=0300000h-030000Dh \
  -AIDLOC=0200000h-0200007h -AEEDATA=0F00000h-0F000FFh -peeprom_data=EEDATA \
  -preset_vec=00h,intcode,intcodelo=018h,powerup,init -pramtop=0600h \
  -psmallconst=SMALLCONST -pmediumconst=MEDIUMCONST -pconst=CONST \
  -AFARRAM=00h-00h \
  -prdata=COMRAM,nvrram=COMRAM,nvbit=COMRAM,rbss=COMRAM,rbit=COMRAM \
  -pfarbss=FARRAM,fardata=FARRAM,nvFARRAM=FARRAM \
  -pintsave_regs=BIGRAM,bigbss=BIGRAM,bigdata=BIGRAM -pbss=RAM \
  -pidata=CODE,irdata=CODE,ibigdata=CODE,ifardata=CODE -prparam=COMRAM \
  C:\Users\profb\AppData\Local\Temp\xcAsbo0.o \
  dist/default/production\Real_Clock_8bits.X.production.o 

Object code version is 3.11

Machine type is 18F4520



                Name                               Link     Load   Length Selector   Space Scale
C:\Users\profb\AppData\Local\Temp\xcAsbo0.o
                idloc                            200000   200000        8        0       5
                config                           300000   300000        E        0       4
                init                                138      138        4        C       0
                reset_vec                             0        0        4        0       0
dist/default/production\Real_Clock_8bits.X.production.o
                intcodelo                            18       18      120        C       0
                idloc                            200000   200000        8        0       5
                config                           300000   300000        E        0       4
                temp                                 71       71        1        1       1
                smallconst                          600      600       32      300       0
                text24                             15F4     15F4        A      319       0
                text23                             15FE     15FE        6      319       0
                text22                             15E6     15E6        E      319       0
                text21                             15D8     15D8        E      319       0
                text20                             159A     159A       20      319       0
                text19                              FB6      FB6       E4      319       0
                text18                             12AE     12AE       9E      319       0
                text17                             15BA     15BA       1E      319       0
                text16                             120E     120E       A0      319       0
                text15                             1574     1574       26      319       0
                text14                             1522     1522       2C      319       0
                text13                             1458     1458       46      319       0
                text12                              E6C      E6C      14A      319       0
                text11                              B80      B80      188      319       0
                text10                              D08      D08      164      319       0
                text9                              14E2     14E2       40      319       0
                text8                              1604     1604        2      319       0
                text7                              109A     109A       CA      319       0
                text6                              149E     149E       44      319       0
                text5                              1164     1164       AA      319       0
                text4                               632      632      2B4      319       0
                text3                               8E6      8E6      29A      319       0
                text2                              140A     140A       4E      319       0
                text1                              13B8     13B8       52      319       0
                text0                              134C     134C       6C      319       0
                cstackCOMRAM                          1        1       69        1       1
                cstackBANK0                          B8       B8        D       80       1
                bssBANK0                             80       80       38       80       1
                bssCOMRAM                            6A       6A        7        1       1
                cinit                              154E     154E       26      319       0

TOTAL           Name                               Link     Load   Length     Space
        CLASS   CODE           
                intcodelo                            18       18      120         0
                init                                138      138        4         0
                reset_vec                             0        0        4         0
                text24                             15F4     15F4        A         0
                text23                             15FE     15FE        6         0
                text22                             15E6     15E6        E         0
                text21                             15D8     15D8        E         0
                text20                             159A     159A       20         0
                text19                              FB6      FB6       E4         0
                text18                             12AE     12AE       9E         0
                text17                             15BA     15BA       1E         0
                text16                             120E     120E       A0         0
                text15                             1574     1574       26         0
                text14                             1522     1522       2C         0
                text13                             1458     1458       46         0
                text12                              E6C      E6C      14A         0
                text11                              B80      B80      188         0
                text10                              D08      D08      164         0
                text9                              14E2     14E2       40         0
                text8                              1604     1604        2         0
                text7                              109A     109A       CA         0
                text6                              149E     149E       44         0
                text5                              1164     1164       AA         0
                text4                               632      632      2B4         0
                text3                               8E6      8E6      29A         0
                text2                              140A     140A       4E         0
                text1                              13B8     13B8       52         0
                text0                              134C     134C       6C         0
                cinit                              154E     154E       26         0

        CLASS   CONST          

        CLASS   SMALLCONST     
                smallconst                          600      600       32         0

        CLASS   MEDIUMCONST    

        CLASS   COMRAM         
                temp                                 71       71        1         1
                cstackCOMRAM                          1        1       69         1
                bssCOMRAM                            6A       6A        7         1

        CLASS   ABS1           

        CLASS   BIGRAM         

        CLASS   RAM            

        CLASS   BANK0          
                cstackBANK0                          B8       B8        D         1
                bssBANK0                             80       80       38         1

        CLASS   BANK1          

        CLASS   BANK2          

        CLASS   BANK3          

        CLASS   BANK4          

        CLASS   BANK5          

        CLASS   SFR            

        CLASS   BIGSFR         

        CLASS   CONFIG         
                config                           300000   300000        E         4

        CLASS   IDLOC          
                idloc                            200000   200000        8         5

        CLASS   EEDATA         

        CLASS   FARRAM         

        CLASS   HEAP           

        CLASS   STACK          



SEGMENTS        Name                           Load    Length   Top    Selector   Space  Class

                reset_vec                      000000  000004  000004         0       0  CODE    
                cstackCOMRAM                   000001  000071  000072         1       1  COMRAM  
                intcodelo                      000018  000124  00013C         C       0  CODE    
                bssBANK0                       000080  000045  0000C5        80       1  BANK0   
                smallconst                     000600  000032  000632       300       0  SMALLCON
                text4                          000632  000FD4  001606       319       0  CODE    


UNUSED ADDRESS RANGES

        Name                Unused          Largest block    Delta
        BANK0            0000C5-0000FF               3B
        BANK1            000100-0001FF              100
        BANK2            000200-0002FF              100
        BANK3            000300-0003FF              100
        BANK4            000400-0004FF              100
        BANK5            000500-0005FF              100
        BIGRAM           000072-00007F                E
                         0000C5-0005FF              53B
        BIGSFR           000F80-000FFF               80
        CODE             000004-000017               14
                         00013C-0005FF              4C4
                         001606-007FFF             69FA
        COMRAM           000072-00007F                E
        CONST            000004-000017               14
                         00013C-0005FF              4C4
                         001606-007FFF             69FA
        EEDATA           F00000-F000FF              100
        MEDIUMCONST      001606-007FFF             69FA
        RAM              0000C5-0005FF              100
        SFR              000F80-000FFF               80
        SMALLCONST       001606-007FFF              100

                                  Symbol Table

?___aodiv                 cstackCOMRAM 000005
?___aomod                 cstackCOMRAM 000005
?___wmul                  cstackCOMRAM 000005
?_abs                     cstackCOMRAM 000017
?_atoi                    cstackCOMRAM 00000B
?_isdigit                 cstackCOMRAM 000005
?_isspace                 cstackCOMRAM 000005
?_sprintf                 cstackCOMRAM 000060
?_vfprintf                cstackCOMRAM 000058
_ADCON1                   (abs)        000FC1
_INTCON                   (abs)        000FF2
_INTCONbits               (abs)        000FF2
_OSCCON                   (abs)        000FD3
_OSCTUNE                  (abs)        000F9B
_PORTB                    (abs)        000F81
_PORTBbits                (abs)        000F81
_PORTD                    (abs)        000F83
_PORTDbits                (abs)        000F83
_PORTEbits                (abs)        000F84
_T0CON                    (abs)        000FD5
_TMR0                     (abs)        000FD6
_TRISB                    (abs)        000F93
_TRISD                    (abs)        000F95
_TRISEbits                (abs)        000F96
__HRAM                    (abs)        000000
__Habs1                   abs1         000000
__Hbank0                  bank0        000000
__Hbank1                  bank1        000000
__Hbank2                  bank2        000000
__Hbank3                  bank3        000000
__Hbank4                  bank4        000000
__Hbank5                  bank5        000000
__Hbigbss                 bigbss       000000
__Hbigdata                bigdata      000000
__Hbigram                 bigram       000000
__Hbigsfr                 bigsfr       000000
__Hbss                    bss          000000
__HbssBANK0               bssBANK0     000000
__HbssCOMRAM              bssCOMRAM    000000
__Hcinit                  cinit        000000
__Hclrtext                clrtext      000000
__Hcomram                 comram       000000
__Hconfig                 config       30000E
__Hconst                  const        000000
__HcstackBANK0            cstackBANK0  000000
__HcstackCOMRAM           cstackCOMRAM 000000
__Hdata                   data         000000
__Heeprom_data            eeprom_data  000000
__Hfarbss                 farbss       000000
__Hfardata                fardata      000000
__Hheap                   heap         000000
__Hibigdata               ibigdata     000000
__Hidata                  idata        000000
__Hidloc                  idloc        200008
__Hifardata               ifardata     000000
__Hinit                   init         00013C
__Hintcode                intcode      000004
__Hintcode_body           intcode_body 000000
__Hintcodelo              intcodelo    000138
__Hintentry               intentry     000000
__Hintret                 intret       000000
__Hintsave_regs           intsave_regs 000000
__Hirdata                 irdata       000000
__Hmediumconst            mediumconst  000000
__HnvFARRAM               nvFARRAM     000000
__Hnvbit                  nvbit        000000
__Hnvrram                 nvrram       000000
__Hparam                  rparam       000000
__Hpowerup                powerup      000138
__Hram                    ram          000000
__Hramtop                 ramtop       000600
__Hrbit                   rbit         000000
__Hrbss                   rbss         000000
__Hrdata                  rdata        000000
__Hreset_vec              reset_vec    000004
__Hrparam                 rparam       000000
__Hsfr                    sfr          000000
__Hsmallconst             smallconst   000632
__Hspace_0                (abs)        001606
__Hspace_1                (abs)        0000C5
__Hspace_2                (abs)        000000
__Hspace_4                (abs)        60000E
__Hstack                  stack        000000
__Hstruct                 struct       000000
__Htemp                   temp         000072
__Htext                   text         000000
__Htext0                  text0        000000
__Htext1                  text1        000000
__Htext10                 text10       000000
__Htext11                 text11       000000
__Htext12                 text12       000000
__Htext13                 text13       000000
__Htext14                 text14       000000
__Htext15                 text15       000000
__Htext16                 text16       000000
__Htext17                 text17       000000
__Htext18                 text18       000000
__Htext19                 text19       000000
__Htext2                  text2        000000
__Htext20                 text20       000000
__Htext21                 text21       000000
__Htext22                 text22       000000
__Htext23                 text23       000000
__Htext24                 text24       000000
__Htext3                  text3        000000
__Htext4                  text4        000000
__Htext5                  text5        000000
__Htext6                  text6        000000
__Htext7                  text7        000000
__Htext8                  text8        000000
__Htext9                  text9        000000
__LRAM                    (abs)        000001
__Labs1                   abs1         000000
__Lbank0                  bank0        000000
__Lbank1                  bank1        000000
__Lbank2                  bank2        000000
__Lbank3                  bank3        000000
__Lbank4                  bank4        000000
__Lbank5                  bank5        000000
__Lbigbss                 bigbss       000000
__Lbigdata                bigdata      000000
__Lbigram                 bigram       000000
__Lbigsfr                 bigsfr       000000
__Lbss                    bss          000000
__LbssBANK0               bssBANK0     000000
__LbssCOMRAM              bssCOMRAM    000000
__Lcinit                  cinit        000000
__Lclrtext                clrtext      000000
__Lcomram                 comram       000000
__Lconfig                 config       000000
__Lconst                  const        000000
__LcstackBANK0            cstackBANK0  000000
__LcstackCOMRAM           cstackCOMRAM 000000
__Ldata                   data         000000
__Leeprom_data            eeprom_data  000000
__Lfarbss                 farbss       000000
__Lfardata                fardata      000000
__Lheap                   heap         000000
__Libigdata               ibigdata     000000
__Lidata                  idata        000000
__Lidloc                  idloc        000000
__Lifardata               ifardata     000000
__Linit                   init         000138
__Lintcode                intcode      000004
__Lintcode_body           intcode_body 000000
__Lintcodelo              intcodelo    000018
__Lintentry               intentry     000000
__Lintret                 intret       000000
__Lintsave_regs           intsave_regs 000000
__Lirdata                 irdata       000000
__Lmediumconst            mediumconst  000000
__LnvFARRAM               nvFARRAM     000000
__Lnvbit                  nvbit        000000
__Lnvrram                 nvrram       000000
__Lparam                  rparam       000000
__Lpowerup                powerup      000138
__Lram                    ram          000000
__Lramtop                 ramtop       000600
__Lrbit                   rbit         000000
__Lrbss                   rbss         000000
__Lrdata                  rdata        000000
__Lreset_vec              reset_vec    000000
__Lrparam                 rparam       000000
__Lsfr                    sfr          000000
__Lsmallconst             smallconst   000600
__Lspace_0                (abs)        000000
__Lspace_1                (abs)        000000
__Lspace_2                (abs)        000000
__Lspace_4                (abs)        000000
__Lstack                  stack        000000
__Lstruct                 struct       000000
__Ltemp                   temp         000071
__Ltext                   text         000000
__Ltext0                  text0        000000
__Ltext1                  text1        000000
__Ltext10                 text10       000000
__Ltext11                 text11       000000
__Ltext12                 text12       000000
__Ltext13                 text13       000000
__Ltext14                 text14       000000
__Ltext15                 text15       000000
__Ltext16                 text16       000000
__Ltext17                 text17       000000
__Ltext18                 text18       000000
__Ltext19                 text19       000000
__Ltext2                  text2        000000
__Ltext20                 text20       000000
__Ltext21                 text21       000000
__Ltext22                 text22       000000
__Ltext23                 text23       000000
__Ltext24                 text24       000000
__Ltext3                  text3        000000
__Ltext4                  text4        000000
__Ltext5                  text5        000000
__Ltext6                  text6        000000
__Ltext7                  text7        000000
__Ltext8                  text8        000000
__Ltext9                  text9        000000
__S0                      (abs)        001606
__S1                      (abs)        0000C5
__S4                      (abs)        000000
__S5                      (abs)        000000
___aodiv                  text11       000B80
___aodiv@counter          cstackCOMRAM 000015
___aodiv@dividend         cstackCOMRAM 000005
___aodiv@divisor          cstackCOMRAM 00000D
___aodiv@quotient         cstackCOMRAM 000017
___aodiv@sign             cstackCOMRAM 000016
___aomod                  text10       000D08
___aomod@counter          cstackCOMRAM 000015
___aomod@dividend         cstackCOMRAM 000005
___aomod@divisor          cstackCOMRAM 00000D
___aomod@sign             cstackCOMRAM 000016
___heap_hi                (abs)        000000
___heap_lo                (abs)        000000
___inthi_sp               stack        000000
___intlo_sp               stack        000000
___param_bank             (abs)        000000
___rparam_used            (abs)        000001
___sp                     stack        000000
___wmul                   text15       001574
___wmul@multiplicand      cstackCOMRAM 000007
___wmul@multiplier        cstackCOMRAM 000005
___wmul@product           cstackCOMRAM 000009
__accesstop               (abs)        000080
__activetblptr            (abs)        000002
__end_of___aodiv          text11       000D08
__end_of___aomod          text10       000E6C
__end_of___wmul           text15       00159A
__end_of__initialization  cinit        001566
__end_of_abs              text9        001522
__end_of_atoi             text12       000FB6
__end_of_config_FOSC      text24       0015FE
__end_of_config_INTERRUPT text23       001604
__end_of_config_IO        text22       0015F4
__end_of_config_TIMER0    text21       0015E6
__end_of_dtoa             text4        0008E6
__end_of_fputc            text7        001164
__end_of_fputs            text6        0014E2
__end_of_intern_TMR0      intcodelo    000138
__end_of_isdigit          text14       00154E
__end_of_isspace          text13       00149E
__end_of_lcd_cmd          text19       00109A
__end_of_lcd_init         text18       00134C
__end_of_lcd_send_byte    text17       0015D8
__end_of_lcd_write        text16       0012AE
__end_of_main             text0        0013B8
__end_of_pad              text5        00120E
__end_of_putch            text8        001606
__end_of_set_bit          text20       0015BA
__end_of_sprintf          text1        00140A
__end_of_vfpfcnvrt        text3        000B80
__end_of_vfprintf         text2        001458
__initialization          cinit        00154E
__mediumconst             mediumconst  000000
__pbssBANK0               bssBANK0     000080
__pbssCOMRAM              bssCOMRAM    00006A
__pcinit                  cinit        00154E
__pcstackBANK0            cstackBANK0  0000B8
__pcstackCOMRAM           cstackCOMRAM 000001
__pintcodelo              intcodelo    000018
__psmallconst             smallconst   000600
__ptext0                  text0        00134C
__ptext1                  text1        0013B8
__ptext10                 text10       000D08
__ptext11                 text11       000B80
__ptext12                 text12       000E6C
__ptext13                 text13       001458
__ptext14                 text14       001522
__ptext15                 text15       001574
__ptext16                 text16       00120E
__ptext17                 text17       0015BA
__ptext18                 text18       0012AE
__ptext19                 text19       000FB6
__ptext2                  text2        00140A
__ptext20                 text20       00159A
__ptext21                 text21       0015D8
__ptext22                 text22       0015E6
__ptext23                 text23       0015FE
__ptext24                 text24       0015F4
__ptext3                  text3        0008E6
__ptext4                  text4        000632
__ptext5                  text5        001164
__ptext6                  text6        00149E
__ptext7                  text7        00109A
__ptext8                  text8        001604
__ptext9                  text9        0014E2
__ramtop                  ramtop       000600
__smallconst              smallconst   000600
_abs                      text9        0014E2
_atoi                     text12       000E6C
_bufferLCD                bssBANK0     0000A8
_config_FOSC              text24       0015F4
_config_INTERRUPT         text23       0015FE
_config_IO                text22       0015E6
_config_TIMER0            text21       0015D8
_counterHor               bssBANK0     000080
_counterMin               bssBANK0     000082
_counterSeg               bssCOMRAM    00006E
_dbuf                     bssBANK0     000088
_dtoa                     text4        000632
_dtoa$977                 cstackCOMRAM 000032
_flags                    bssCOMRAM    000070
_fputc                    text7        00109A
_fputs                    text6        00149E
_intern_TMR0              intcodelo    000018
_isdigit                  text14       001522
_isspace                  text13       001458
_isspace$1026             cstackCOMRAM 000009
_lcd_cmd                  text19       000FB6
_lcd_init                 text18       0012AE
_lcd_send_byte            text17       0015BA
_lcd_write                text16       00120E
_main                     text0        00134C
_pad                      text5        001164
_prec                     bssCOMRAM    00006C
_putch                    text8        001604
_set_bit                  text20       00159A
_sprintf                  text1        0013B8
_timer_1000ms             bssBANK0     000084
_timer_500ms              bssBANK0     000086
_vfpfcnvrt                text3        0008E6
_vfprintf                 text2        00140A
_width                    bssCOMRAM    00006A
abs@a                     cstackCOMRAM 000017
atoi@n                    cstackCOMRAM 000012
atoi@neg                  cstackCOMRAM 000010
atoi@s                    cstackCOMRAM 00000B
btemp                     temp         000071
dtoa@d                    cstackCOMRAM 000022
dtoa@fp                   cstackCOMRAM 000020
dtoa@i                    cstackCOMRAM 000041
dtoa@n                    cstackCOMRAM 000038
dtoa@p                    cstackCOMRAM 000034
dtoa@s                    cstackCOMRAM 000040
dtoa@w                    cstackCOMRAM 000036
end_of_initialization     cinit        001566
fputc@c                   cstackCOMRAM 000005
fputc@fp                  cstackCOMRAM 000007
fputs@c                   cstackCOMRAM 000012
fputs@fp                  cstackCOMRAM 000010
fputs@i                   cstackCOMRAM 000013
fputs@s                   cstackCOMRAM 00000E
int$flags                 temp         000071
intlevel0                 text         000000
intlevel1                 text         000000
intlevel2                 text         000000
intlevel3                 text         000000
isa$std                   (abs)        000001
isa$xinst                 (abs)        000000
isdigit@c                 cstackCOMRAM 000005
isspace@c                 cstackCOMRAM 000005
lcd_cmd@cmd               cstackCOMRAM 000008
lcd_init@i                cstackCOMRAM 00000A
lcd_send_byte@data        cstackCOMRAM 000009
lcd_send_byte@level       cstackCOMRAM 00000A
lcd_write@col             cstackCOMRAM 00000B
lcd_write@end             cstackCOMRAM 00000E
lcd_write@lin             cstackCOMRAM 00000F
lcd_write@str             cstackCOMRAM 00000C
pad@buf                   cstackCOMRAM 000017
pad@fp                    cstackCOMRAM 000015
pad@i                     cstackCOMRAM 00001C
pad@p                     cstackCOMRAM 000019
pad@w                     cstackCOMRAM 00001E
set_bit@cmd               cstackCOMRAM 000006
set_bit@comp              cstackCOMRAM 000005
sprintf@ap                cstackBANK0  0000B8
sprintf@f                 cstackBANK0  0000BA
sprintf@fmt               cstackCOMRAM 000062
sprintf@s                 cstackCOMRAM 000060
stackhi                   (abs)        000000
stacklo                   (abs)        000000
start                     init         000138
start_initialization      cinit        00154E
ttemp5                    temp         000072
ttemp6                    temp         000075
ttemp7                    temp         000079
vfpfcnvrt@ap              cstackCOMRAM 000047
vfpfcnvrt@convarg         cstackCOMRAM 00004C
vfpfcnvrt@cp              cstackCOMRAM 000056
vfpfcnvrt@done            cstackCOMRAM 000054
vfpfcnvrt@fmt             cstackCOMRAM 000045
vfpfcnvrt@fp              cstackCOMRAM 000043
vfprintf@ap               cstackCOMRAM 00005C
vfprintf@cfmt             cstackCOMRAM 00005E
vfprintf@fmt              cstackCOMRAM 00005A
vfprintf@fp               cstackCOMRAM 000058
wtemp8                    temp         000072


MODULE INFORMATION

Module		Function		Class		Link	Load	Size
C:\Program Files\Microchip\xc8\v2.40\pic\sources\c99\common\nf_fputc.c
		_fputc         		CODE           	109A	0000	202

C:\Program Files\Microchip\xc8\v2.40\pic\sources\c99\common\nf_fputc.c estimated size: 202

C:\Program Files\Microchip\xc8\v2.40\pic\sources\c99\common\nf_sprintf.c
		_sprintf       		CODE           	13B8	0000	82

C:\Program Files\Microchip\xc8\v2.40\pic\sources\c99\common\nf_sprintf.c estimated size: 82

C:\Program Files\Microchip\xc8\v2.40\pic\sources\c99\common\isspace.c
		_isspace       		CODE           	1458	0000	70

C:\Program Files\Microchip\xc8\v2.40\pic\sources\c99\common\isspace.c estimated size: 70

C:\Program Files\Microchip\xc8\v2.40\pic\sources\c99\common\atoi.c
		_atoi          		CODE           	0E6C	0000	330

C:\Program Files\Microchip\xc8\v2.40\pic\sources\c99\common\atoi.c estimated size: 330

C:\Program Files\Microchip\xc8\v2.40\pic\sources\c99\common\Umul16.c
		___wmul        		CODE           	1574	0000	38

C:\Program Files\Microchip\xc8\v2.40\pic\sources\c99\common\Umul16.c estimated size: 38

C:\Program Files\Microchip\xc8\v2.40\pic\sources\c99\common\abs.c
		_abs           		CODE           	14E2	0000	64

C:\Program Files\Microchip\xc8\v2.40\pic\sources\c99\common\abs.c estimated size: 64

LCD4b_EXSTO.c
		_lcd_cmd       		CODE           	0FB6	0000	228
		_lcd_send_byte 		CODE           	15BA	0000	30
		_set_bit       		CODE           	159A	0000	32
		_lcd_write     		CODE           	120E	0000	160
		_lcd_init      		CODE           	12AE	0000	158

LCD4b_EXSTO.c estimated size: 608

C:\Program Files\Microchip\xc8\v2.40\pic\sources\c99\common\isdigit.c
		_isdigit       		CODE           	1522	0000	44

C:\Program Files\Microchip\xc8\v2.40\pic\sources\c99\common\isdigit.c estimated size: 44

Program.c
		_intern_TMR0   		CODE           	0018	0000	288
		_main          		CODE           	134C	0000	108
		_config_INTERRUPT		CODE           	15FE	0000	6
		_config_IO     		CODE           	15E6	0000	14
		_config_FOSC   		CODE           	15F4	0000	10
		_config_TIMER0 		CODE           	15D8	0000	14

Program.c estimated size: 440

C:\Program Files\Microchip\xc8\v2.40\pic\sources\c99\common\nf_fputs.c
		_fputs         		CODE           	149E	0000	68

C:\Program Files\Microchip\xc8\v2.40\pic\sources\c99\common\nf_fputs.c estimated size: 68

C:\Program Files\Microchip\xc8\v2.40\pic\sources\c99\common\aomod.c
		___aomod       		CODE           	0D08	0000	356

C:\Program Files\Microchip\xc8\v2.40\pic\sources\c99\common\aomod.c estimated size: 356

shared
		__initialization		CODE           	154E	0000	24

shared estimated size: 24

C:\Program Files\Microchip\xc8\v2.40\pic\sources\c99\common\putch.c
		_putch         		CODE           	1604	0000	2

C:\Program Files\Microchip\xc8\v2.40\pic\sources\c99\common\putch.c estimated size: 2

C:\Program Files\Microchip\xc8\v2.40\pic\sources\c99\common\doprnt.c
		_vfpfcnvrt     		CODE           	08E6	0000	666
		_pad           		CODE           	1164	0000	170
		_dtoa          		CODE           	0632	0000	692
		_vfprintf      		CODE           	140A	0000	78

C:\Program Files\Microchip\xc8\v2.40\pic\sources\c99\common\doprnt.c estimated size: 1606

C:\Program Files\Microchip\xc8\v2.40\pic\sources\c99\common\aodiv.c
		___aodiv       		CODE           	0B80	0000	392

C:\Program Files\Microchip\xc8\v2.40\pic\sources\c99\common\aodiv.c estimated size: 392

